<?xml version="1.0"?>
<results>
    <opened sym="SPT" amount="-400" limit="124" id="11" />
</results>