<?xml version="1.0"?>
<results>
    <status id="5">
        <open shares="300" />
    </status>
</results>
