<?xml version="1.0"?>
<results>
    <opened sym="SPT" amount="400" limit="125" id="10" />
</results>
