<?xml version="1.0"?>
<results>
    <status id="3">
        <executed shares="20" price="$10.00" time="" />
    </status>
</results>
