<?xml version="1.0"?>
<results>
    <opened sym="SPT" amount="200" limit="127" id="7" />
</results>
