<?xml version="1.0"?>
<results>
    <opened sym="SPT" amount="-500" limit="128" id="8" />
</results>
