<?xml version="1.0"?>
<results>
    <opened sym="SPT" amount="300" limit="125" id="5" />
</results>
