<?xml version="1.0"?>
<results>
    <opened sym="SPT" amount="-200" limit="140" id="9" />
</results>
