<?xml version="1.0"?>
<results>
    <created sym="SPT" id="123457" />
    <created sym="SPT" id="123457" />
</results>
