<?xml version="1.0"?>
<results>
    <error id="4">Cannot cancel order from another account!</error>
</results>
