<?xml version="1.0"?>
<results>
    <opened sym="SPT" amount="-100" limit="130" id="6" />
</results>
