<?xml version="1.0"?>
<results>
    <opened sym="SPY" amount="-20" limit="5" id="3" />
</results>
