<?xml version="1.0"?>
<results>
    <opened sym="SPY" amount="20" limit="10" id="4" />
</results>
